../Core/Src/main.c:94:5:main	8	static
../Core/Src/main.c:178:6:SystemClock_Config	136	static
../Core/Src/main.c:230:13:MX_CRC_Init	8	static
../Core/Src/main.c:261:13:MX_USART1_UART_Init	8	static
../Core/Src/main.c:296:13:MX_USART2_UART_Init	8	static
../Core/Src/main.c:331:13:MX_GPIO_Init	48	static
../Core/Src/main.c:373:6:StartDefaultTask	16	static
../Core/Src/main.c:391:6:High_Priority_Task_Handler	16	static
../Core/Src/main.c:410:6:HAL_TIM_PeriodElapsedCallback	16	static
../Core/Src/main.c:427:6:Error_Handler	8	static,ignoring_inline_asm
